// Vitest Snapshot v1, https://vitest.dev/guide/snapshot.html

exports[`parses safe env vars and 1`] = `""`;
